<?xml version="1.0" encoding="utf-8"?>
<TestRun id="65868df5-dcd8-4d14-8196-6a168962312c" name="@Lesters-MacBook-Pro 2024-08-23 12:02:54" xmlns="http://microsoft.com/schemas/VisualStudio/TeamTest/2010">
  <Times creation="2024-08-23T12:02:54.7686910-07:00" queuing="2024-08-23T12:02:54.7686910-07:00" start="2024-08-23T12:02:52.6172750-07:00" finish="2024-08-23T12:02:54.7799270-07:00" />
  <TestSettings name="default" id="f4e41f2b-80a3-407d-9665-2af950b140af">
    <Deployment runDeploymentRoot="_Lesters-MacBook-Pro_2024-08-23_12_02_54" />
  </TestSettings>
  <Results>
    <UnitTestResult executionId="d4969805-783d-48c0-951c-68b92267122e" testId="f5a9ff6d-7042-5d75-eff9-dad2ffac935f" testName="EsmbMigrationApp.GUI.Tests.UnitTest1.Test1" computerName="Lesters-MacBook-Pro" duration="00:00:00.0020927" startTime="2024-08-23T12:02:54.6101130-07:00" endTime="2024-08-23T12:02:54.6101460-07:00" testType="13cdc9d9-ddb5-4fa4-a97d-d965ccfc6d4b" outcome="Passed" testListId="8c84fa94-04c1-424b-9868-57a2d4851a1d" relativeResultsDirectory="d4969805-783d-48c0-951c-68b92267122e" />
  </Results>
  <TestDefinitions>
    <UnitTest name="EsmbMigrationApp.GUI.Tests.UnitTest1.Test1" storage="/users/lester.szeto/git/tableau-emsb-migration-app/tests/esmbmigrationapp.gui.tests/bin/release/net8.0/esmbmigrationapp.gui.tests.dll" id="f5a9ff6d-7042-5d75-eff9-dad2ffac935f">
      <Execution id="d4969805-783d-48c0-951c-68b92267122e" />
      <TestMethod codeBase="/Users/lester.szeto/git/tableau-emsb-migration-app/tests/EsmbMigrationApp.GUI.Tests/bin/Release/net8.0/EsmbMigrationApp.GUI.Tests.dll" adapterTypeName="executor://xunit/VsTestRunner2/netcoreapp" className="EsmbMigrationApp.GUI.Tests.UnitTest1" name="Test1" />
    </UnitTest>
  </TestDefinitions>
  <TestEntries>
    <TestEntry testId="f5a9ff6d-7042-5d75-eff9-dad2ffac935f" executionId="d4969805-783d-48c0-951c-68b92267122e" testListId="8c84fa94-04c1-424b-9868-57a2d4851a1d" />
  </TestEntries>
  <TestLists>
    <TestList name="Results Not in a List" id="8c84fa94-04c1-424b-9868-57a2d4851a1d" />
    <TestList name="All Loaded Results" id="19431567-8539-422a-85d7-44ee4e166bda" />
  </TestLists>
  <ResultSummary outcome="Completed">
    <Counters total="1" executed="1" passed="1" failed="0" error="0" timeout="0" aborted="0" inconclusive="0" passedButRunAborted="0" notRunnable="0" notExecuted="0" disconnected="0" warning="0" completed="0" inProgress="0" pending="0" />
    <Output>
      <StdOut>[xUnit.net 00:00:00.00] xUnit.net VSTest Adapter v2.4.5+1caef2f33e (64-bit .NET 8.0.4)
[xUnit.net 00:00:01.25]   Discovering: EsmbMigrationApp.GUI.Tests
[xUnit.net 00:00:01.28]   Discovered:  EsmbMigrationApp.GUI.Tests
[xUnit.net 00:00:01.28]   Starting:    EsmbMigrationApp.GUI.Tests
[xUnit.net 00:00:01.34]   Finished:    EsmbMigrationApp.GUI.Tests
</StdOut>
    </Output>
  </ResultSummary>
</TestRun>